




















































 ESCOD
























































 ESCOD
























































 ESCOD
























































 ESCOD
























































 ESCOD
























































 ESCOD







iz"
master)


















> master)










965467863f751c1e80593af80773e
master)












iona.

n.com.br)

 ESCOD
+    Add link to more info
+
+commit ae2a867d07a498bdf7e1c650ff0ffa27768f2d21
+Author: Luiz A. Borbely <borb_ely@yahoo.com.br>
+Date:   Mon Jul 21 16:34:42 2025 -0300
+
+    Add Readme.md
+borbely@borbely-530XBB:~/git_course$ git log --author="Luiz"
+commit bb1b556e09d965467863f751c1e80593af80773e (HEAD -> master)
+Author: Luiz A. Borbely <borb_ely@yahoo.com.br>
+Date:   Mon Jul 21 16:40:18 2025 -0300
+
+    Add link to more info
+
+commit ae2a867d07a498bdf7e1c650ff0ffa27768f2d21
+Author: Luiz A. Borbely <borb_ely@yahoo.com.br>
+Date:   Mon Jul 21 16:34:42 2025 -0300
+
+    Add Readme.md
+borbely@borbely-530XBB:~/git_course$ git shortlog
+Luiz A. Borbely (2):
+      Add Readme.md
+      Add link to more info
+
+borbely@borbely-530XBB:~/git_course$ git shortlog -sn
+     2  Luiz A. Borbely
+borbely@borbely-530XBB:~/git_course$ git log --graph
+* commit bb1b556e09d965467863f751c1e80593af80773e (HEAD -> master)
+| Author: Luiz A. Borbely <borb_ely@yahoo.com.br>
+| Date:   Mon Jul 21 16:40:18 2025 -0300
+| 
+|     Add link to more info
+| 
+* commit ae2a867d07a498bdf7e1c650ff0ffa27768f2d21
+  Author: Luiz A. Borbely <borb_ely@yahoo.com.br>
+  Date:   Mon Jul 21 16:34:42 2025 -0300
+  
+      Add Readme.md
+borbely@borbely-530XBB:~/git_course$ git show bb1b556e09d965467863f751c1e80593af80773e
+commit bb1b556e09d965467863f751c1e80593af80773e (HEAD -> master)
+Author: Luiz A. Borbely <borb_ely@yahoo.com.br>
+Date:   Mon Jul 21 16:40:18 2025 -0300
+
+    Add link to more info
+
+diff --git a/Readme.md b/Readme.md
+index 49b8b9d..61e1b5f 100644
+--- a/Readme.md
++++ b/Readme.md
+@@ -1,3 +1,5 @@
+ # Git Course
+ 
+ Este é um repositorio teste para ensinar como o Git funciona.
++
++Saiba mais em [willianjusten.com.br](http://willianjusten.com.br)
+borbely@borbely-530XBB:~/git_course$ 
 ESCOD
+    Add link to more info
+
+commit ae2a867d07a498bdf7e1c650ff0ffa27768f2d21
+Author: Luiz A. Borbely <borb_ely@yahoo.com.br>
+Date:   Mon Jul 21 16:34:42 2025 -0300
+
+    Add Readme.md
+borbely@borbely-530XBB:~/git_course$ git log --author="Luiz"
+commit bb1b556e09d965467863f751c1e80593af80773e (HEAD -> master)
+Author: Luiz A. Borbely <borb_ely@yahoo.com.br>
+Date:   Mon Jul 21 16:40:18 2025 -0300
+
+    Add link to more info
+
+commit ae2a867d07a498bdf7e1c650ff0ffa27768f2d21
+Author: Luiz A. Borbely <borb_ely@yahoo.com.br>
+Date:   Mon Jul 21 16:34:42 2025 -0300
+
+    Add Readme.md
+borbely@borbely-530XBB:~/git_course$ git shortlog
+Luiz A. Borbely (2):
+      Add Readme.md
+      Add link to more info
+
+borbely@borbely-530XBB:~/git_course$ git shortlog -sn
+     2  Luiz A. Borbely
+borbely@borbely-530XBB:~/git_course$ git log --graph
+* commit bb1b556e09d965467863f751c1e80593af80773e (HEAD -> master)
+| Author: Luiz A. Borbely <borb_ely@yahoo.com.br>
+| Date:   Mon Jul 21 16:40:18 2025 -0300
+| 
+|     Add link to more info
+| 
+* commit ae2a867d07a498bdf7e1c650ff0ffa27768f2d21
+  Author: Luiz A. Borbely <borb_ely@yahoo.com.br>
+  Date:   Mon Jul 21 16:34:42 2025 -0300
+  
+      Add Readme.md
+borbely@borbely-530XBB:~/git_course$ git show bb1b556e09d965467863f751c1e80593af80773e
+commit bb1b556e09d965467863f751c1e80593af80773e (HEAD -> master)
+Author: Luiz A. Borbely <borb_ely@yahoo.com.br>
+Date:   Mon Jul 21 16:40:18 2025 -0300
+
+    Add link to more info
+
+diff --git a/Readme.md b/Readme.md
+index 49b8b9d..61e1b5f 100644
+--- a/Readme.md
++++ b/Readme.md
+@@ -1,3 +1,5 @@
+ # Git Course
+ 
+ Este é um repositorio teste para ensinar como o Git funciona.
++
++Saiba mais em [willianjusten.com.br](http://willianjusten.com.br)
+borbely@borbely-530XBB:~/git_course$ 
 ESCOD
+    Add link to more info
+
+commit ae2a867d07a498bdf7e1c650ff0ffa27768f2d21
+Author: Luiz A. Borbely <borb_ely@yahoo.com.br>
+Date:   Mon Jul 21 16:34:42 2025 -0300
+
+    Add Readme.md
+borbely@borbely-530XBB:~/git_course$ git log --author="Luiz"
+commit bb1b556e09d965467863f751c1e80593af80773e (HEAD -> master)
+Author: Luiz A. Borbely <borb_ely@yahoo.com.br>
+Date:   Mon Jul 21 16:40:18 2025 -0300
+
+    Add link to more info
+
+commit ae2a867d07a498bdf7e1c650ff0ffa27768f2d21
+Author: Luiz A. Borbely <borb_ely@yahoo.com.br>
+Date:   Mon Jul 21 16:34:42 2025 -0300
+
+    Add Readme.md
+borbely@borbely-530XBB:~/git_course$ git shortlog
+Luiz A. Borbely (2):
+      Add Readme.md
+      Add link to more info
+
+borbely@borbely-530XBB:~/git_course$ git shortlog -sn
+     2  Luiz A. Borbely
+borbely@borbely-530XBB:~/git_course$ git log --graph
+* commit bb1b556e09d965467863f751c1e80593af80773e (HEAD -> master)
+| Author: Luiz A. Borbely <borb_ely@yahoo.com.br>
+| Date:   Mon Jul 21 16:40:18 2025 -0300
+| 
+|     Add link to more info
+| 
+* commit ae2a867d07a498bdf7e1c650ff0ffa27768f2d21
+  Author: Luiz A. Borbely <borb_ely@yahoo.com.br>
+  Date:   Mon Jul 21 16:34:42 2025 -0300
+  
+      Add Readme.md
+borbely@borbely-530XBB:~/git_course$ git show bb1b556e09d965467863f751c1e80593af80773e
+commit bb1b556e09d965467863f751c1e80593af80773e (HEAD -> master)
+Author: Luiz A. Borbely <borb_ely@yahoo.com.br>
+Date:   Mon Jul 21 16:40:18 2025 -0300
+
+    Add link to more info
+
+diff --git a/Readme.md b/Readme.md
+index 49b8b9d..61e1b5f 100644
+--- a/Readme.md
++++ b/Readme.md
+@@ -1,3 +1,5 @@
+ # Git Course
+ 
+ Este é um repositorio teste para ensinar como o Git funciona.
++
++Saiba mais em [willianjusten.com.br](http://willianjusten.com.br)
+borbely@borbely-530XBB:~/git_course$ 
 ESCOD
+    Add link to more info
+
+commit ae2a867d07a498bdf7e1c650ff0ffa27768f2d21
+Author: Luiz A. Borbely <borb_ely@yahoo.com.br>
+Date:   Mon Jul 21 16:34:42 2025 -0300
+
+    Add Readme.md
+borbely@borbely-530XBB:~/git_course$ git log --author="Luiz"
+commit bb1b556e09d965467863f751c1e80593af80773e (HEAD -> master)
+Author: Luiz A. Borbely <borb_ely@yahoo.com.br>
+Date:   Mon Jul 21 16:40:18 2025 -0300
+
+    Add link to more info
+
+commit ae2a867d07a498bdf7e1c650ff0ffa27768f2d21
+Author: Luiz A. Borbely <borb_ely@yahoo.com.br>
+Date:   Mon Jul 21 16:34:42 2025 -0300
+
+    Add Readme.md
+borbely@borbely-530XBB:~/git_course$ git shortlog
+Luiz A. Borbely (2):
+      Add Readme.md
+      Add link to more info
+
+borbely@borbely-530XBB:~/git_course$ git shortlog -sn
+     2  Luiz A. Borbely
+borbely@borbely-530XBB:~/git_course$ git log --graph
+* commit bb1b556e09d965467863f751c1e80593af80773e (HEAD -> master)
+| Author: Luiz A. Borbely <borb_ely@yahoo.com.br>
+| Date:   Mon Jul 21 16:40:18 2025 -0300
+| 
+|     Add link to more info
+| 
+* commit ae2a867d07a498bdf7e1c650ff0ffa27768f2d21
+  Author: Luiz A. Borbely <borb_ely@yahoo.com.br>
+  Date:   Mon Jul 21 16:34:42 2025 -0300
+  
+      Add Readme.md
+borbely@borbely-530XBB:~/git_course$ git show bb1b556e09d965467863f751c1e80593af80773e
+commit bb1b556e09d965467863f751c1e80593af80773e (HEAD -> master)
+Author: Luiz A. Borbely <borb_ely@yahoo.com.br>
+Date:   Mon Jul 21 16:40:18 2025 -0300
+
+    Add link to more info
+
+diff --git a/Readme.md b/Readme.md
+index 49b8b9d..61e1b5f 100644
+--- a/Readme.md
++++ b/Readme.md
+@@ -1,3 +1,5 @@
+ # Git Course
+ 
+ Este é um repositorio teste para ensinar como o Git funciona.
++
++Saiba mais em [willianjusten.com.br](http://willianjusten.com.br)
+borbely@borbely-530XBB:~/git_course$ 
 ESCOD
+    Add link to more info
+
+commit ae2a867d07a498bdf7e1c650ff0ffa27768f2d21
+Author: Luiz A. Borbely <borb_ely@yahoo.com.br>
+Date:   Mon Jul 21 16:34:42 2025 -0300
+
+    Add Readme.md
+borbely@borbely-530XBB:~/git_course$ git log --author="Luiz"
+commit bb1b556e09d965467863f751c1e80593af80773e (HEAD -> master)
+Author: Luiz A. Borbely <borb_ely@yahoo.com.br>
+Date:   Mon Jul 21 16:40:18 2025 -0300
+
+    Add link to more info
+
+commit ae2a867d07a498bdf7e1c650ff0ffa27768f2d21
+Author: Luiz A. Borbely <borb_ely@yahoo.com.br>
+Date:   Mon Jul 21 16:34:42 2025 -0300
+
+    Add Readme.md
+borbely@borbely-530XBB:~/git_course$ git shortlog
+Luiz A. Borbely (2):
+      Add Readme.md
+      Add link to more info
+
+borbely@borbely-530XBB:~/git_course$ git shortlog -sn
+     2  Luiz A. Borbely
+borbely@borbely-530XBB:~/git_course$ git log --graph
+* commit bb1b556e09d965467863f751c1e80593af80773e (HEAD -> master)
+| Author: Luiz A. Borbely <borb_ely@yahoo.com.br>
+| Date:   Mon Jul 21 16:40:18 2025 -0300
+| 
+|     Add link to more info
+| 
+* commit ae2a867d07a498bdf7e1c650ff0ffa27768f2d21
+  Author: Luiz A. Borbely <borb_ely@yahoo.com.br>
+  Date:   Mon Jul 21 16:34:42 2025 -0300
+  
+      Add Readme.md
+borbely@borbely-530XBB:~/git_course$ git show bb1b556e09d965467863f751c1e80593af80773e
+commit bb1b556e09d965467863f751c1e80593af80773e (HEAD -> master)
+Author: Luiz A. Borbely <borb_ely@yahoo.com.br>
+Date:   Mon Jul 21 16:40:18 2025 -0300
+
+    Add link to more info
+
+diff --git a/Readme.md b/Readme.md
+index 49b8b9d..61e1b5f 100644
+--- a/Readme.md
++++ b/Readme.md
+@@ -1,3 +1,5 @@
+ # Git Course
+ 
+ Este é um repositorio teste para ensinar como o Git funciona.
++
++Saiba mais em [willianjusten.com.br](http://willianjusten.com.br)
+borbely@borbely-530XBB:~/git_course$ 
 ESCOD
+    Add link to more info
+
+commit ae2a867d07a498bdf7e1c650ff0ffa27768f2d21
+Author: Luiz A. Borbely <borb_ely@yahoo.com.br>
+Date:   Mon Jul 21 16:34:42 2025 -0300
+
+    Add Readme.md
+borbely@borbely-530XBB:~/git_course$ git log --author="Luiz"
+commit bb1b556e09d965467863f751c1e80593af80773e (HEAD -> master)
+Author: Luiz A. Borbely <borb_ely@yahoo.com.br>
+Date:   Mon Jul 21 16:40:18 2025 -0300
+
+    Add link to more info
+
+commit ae2a867d07a498bdf7e1c650ff0ffa27768f2d21
+Author: Luiz A. Borbely <borb_ely@yahoo.com.br>
+Date:   Mon Jul 21 16:34:42 2025 -0300
+
+    Add Readme.md
+borbely@borbely-530XBB:~/git_course$ git shortlog
+Luiz A. Borbely (2):
+      Add Readme.md
+      Add link to more info
+
+borbely@borbely-530XBB:~/git_course$ git shortlog -sn
+     2  Luiz A. Borbely
+borbely@borbely-530XBB:~/git_course$ git log --graph
+* commit bb1b556e09d965467863f751c1e80593af80773e (HEAD -> master)
+| Author: Luiz A. Borbely <borb_ely@yahoo.com.br>
+| Date:   Mon Jul 21 16:40:18 2025 -0300
+| 
+|     Add link to more info
+| 
+* commit ae2a867d07a498bdf7e1c650ff0ffa27768f2d21
+  Author: Luiz A. Borbely <borb_ely@yahoo.com.br>
+  Date:   Mon Jul 21 16:34:42 2025 -0300
+  
+      Add Readme.md
+borbely@borbely-530XBB:~/git_course$ git show bb1b556e09d965467863f751c1e80593af80773e
+commit bb1b556e09d965467863f751c1e80593af80773e (HEAD -> master)
+Author: Luiz A. Borbely <borb_ely@yahoo.com.br>
+Date:   Mon Jul 21 16:40:18 2025 -0300
+
+    Add link to more info
+
+diff --git a/Readme.md b/Readme.md
+index 49b8b9d..61e1b5f 100644
+--- a/Readme.md
++++ b/Readme.md
+@@ -1,3 +1,5 @@
+ # Git Course
+ 
+ Este é um repositorio teste para ensinar como o Git funciona.
++
++Saiba mais em [willianjusten.com.br](http://willianjusten.com.br)
+borbely@borbely-530XBB:~/git_course$ 
 ESCOD
+    Add link to more info
+
+commit ae2a867d07a498bdf7e1c650ff0ffa27768f2d21
+Author: Luiz A. Borbely <borb_ely@yahoo.com.br>
+Date:   Mon Jul 21 16:34:42 2025 -0300
+
+    Add Readme.md
+borbely@borbely-530XBB:~/git_course$ git log --author="Luiz"
+commit bb1b556e09d965467863f751c1e80593af80773e (HEAD -> master)
+Author: Luiz A. Borbely <borb_ely@yahoo.com.br>
+Date:   Mon Jul 21 16:40:18 2025 -0300
+
+    Add link to more info
+
+commit ae2a867d07a498bdf7e1c650ff0ffa27768f2d21
+Author: Luiz A. Borbely <borb_ely@yahoo.com.br>
+Date:   Mon Jul 21 16:34:42 2025 -0300
+
+    Add Readme.md
+borbely@borbely-530XBB:~/git_course$ git shortlog
+Luiz A. Borbely (2):
+      Add Readme.md
+      Add link to more info
+
+borbely@borbely-530XBB:~/git_course$ git shortlog -sn
+     2  Luiz A. Borbely
+borbely@borbely-530XBB:~/git_course$ git log --graph
+* commit bb1b556e09d965467863f751c1e80593af80773e (HEAD -> master)
+| Author: Luiz A. Borbely <borb_ely@yahoo.com.br>
+| Date:   Mon Jul 21 16:40:18 2025 -0300
+| 
+|     Add link to more info
+| 
+* commit ae2a867d07a498bdf7e1c650ff0ffa27768f2d21
+  Author: Luiz A. Borbely <borb_ely@yahoo.com.br>
+  Date:   Mon Jul 21 16:34:42 2025 -0300
+  
+      Add Readme.md
+borbely@borbely-530XBB:~/git_course$ git show bb1b556e09d965467863f751c1e80593af80773e
+commit bb1b556e09d965467863f751c1e80593af80773e (HEAD -> master)
+Author: Luiz A. Borbely <borb_ely@yahoo.com.br>
+Date:   Mon Jul 21 16:40:18 2025 -0300
+
+    Add link to more info
+
+diff --git a/Readme.md b/Readme.md
+index 49b8b9d..61e1b5f 100644
+--- a/Readme.md
++++ b/Readme.md
+@@ -1,3 +1,5 @@
+ # Git Course
+ 
+ Este é um repositorio teste para ensinar como o Git funciona.
++
++Saiba mais em [willianjusten.com.br](http://willianjusten.com.br)
+borbely@borbely-530XBB:~/git_course$ 
 ESCOD
+
+Author: Luiz A. Borbely <borb_ely@yahoo.com.br>
+Date:   Mon Jul 21 16:34:42 2025 -0300
+
+    Add Readme.md
+borbely@borbely-530XBB:~/git_course$ git log --decorate
+commit bb1b556e09d965467863f751c1e80593af80773e (HEAD -> master)
+Author: Luiz A. Borbely <borb_ely@yahoo.com.br>
+Date:   Mon Jul 21 16:40:18 2025 -0300
+
+    Add link to more info
+
+commit ae2a867d07a498bdf7e1c650ff0ffa27768f2d21
+Author: Luiz A. Borbely <borb_ely@yahoo.com.br>
+Date:   Mon Jul 21 16:34:42 2025 -0300
+
+    Add Readme.md
+borbely@borbely-530XBB:~/git_course$ git log --author="Luiz"
+commit bb1b556e09d965467863f751c1e80593af80773e (HEAD -> master)
+Author: Luiz A. Borbely <borb_ely@yahoo.com.br>
+Date:   Mon Jul 21 16:40:18 2025 -0300
+
+    Add link to more info
+
+commit ae2a867d07a498bdf7e1c650ff0ffa27768f2d21
+Author: Luiz A. Borbely <borb_ely@yahoo.com.br>
+Date:   Mon Jul 21 16:34:42 2025 -0300
+
+    Add Readme.md
+borbely@borbely-530XBB:~/git_course$ git shortlog
+Luiz A. Borbely (2):
+      Add Readme.md
+      Add link to more info
+
+borbely@borbely-530XBB:~/git_course$ git shortlog -sn
+     2  Luiz A. Borbely
+borbely@borbely-530XBB:~/git_course$ git log --graph
+* commit bb1b556e09d965467863f751c1e80593af80773e (HEAD -> master)
+| Author: Luiz A. Borbely <borb_ely@yahoo.com.br>
+| Date:   Mon Jul 21 16:40:18 2025 -0300
+| 
+|     Add link to more info
+| 
+* commit ae2a867d07a498bdf7e1c650ff0ffa27768f2d21
+  Author: Luiz A. Borbely <borb_ely@yahoo.com.br>
+  Date:   Mon Jul 21 16:34:42 2025 -0300
+  
+      Add Readme.md
+borbely@borbely-530XBB:~/git_course$ git show bb1b556e09d965467863f751c1e80593af80773e
+commit bb1b556e09d965467863f751c1e80593af80773e (HEAD -> master)
+Author: Luiz A. Borbely <borb_ely@yahoo.com.br>
+Date:   Mon Jul 21 16:40:18 2025 -0300
+
+    Add link to more info
+
+diff --git a/Readme.md b/Readme.md
+index 49b8b9d..61e1b5f 100644
+--- a/Readme.md
++++ b/Readme.md
+@@ -1,3 +1,5 @@
+ # Git Course
+ 
+ Este é um repositorio teste para ensinar como o Git funciona.
++
++Saiba mais em [willianjusten.com.br](http://willianjusten.com.br)
+borbely@borbely-530XBB:~/git_course$ 

[1]+  Parado                  git show
borbely@borbely-530XBB:~/git_course$ 
borbely@borbely-530XBB:~/git_course$ git status
No ramo master
nothing to commit, working tree clean
borbely@borbely-530XBB:~/git_course$ nano Readme.md
borbely@borbely-530XBB:~/git_course$ git status
No ramo master
Changes not staged for commit:
  (utilize "git add <arquivo>..." para atualizar o que será submetido)
  (use "git restore <file>..." to discard changes in working directory)
	modified:   Readme.md

nenhuma modificação adicionada à submissão (utilize "git add" e/ou "git commit -a")
borbely@borbely-530XBB:~/git_course$ git add Readme.md
borbely@borbely-530XBB:~/git_course$ git status
No ramo master
Mudanças a serem submetidas:
  (use "git restore --staged <file>..." to unstage)
	modified:   Readme.md

borbely@borbely-530XBB:~/git_course$ git diff
borbely@borbely-530XBB:~/git_course$ git reset HEAD Readme.md
Unstaged changes after reset:
M	Readme.md
borbely@borbely-530XBB:~/git_course$ git diff
diff --git a/Readme.md b/Readme.md
index a01c80e..b9d8c03 100644
--- a/Readme.md
+++ b/Readme.md
@@ -5,3 +5,5 @@ Este é um repositorio teste para ensinar como o Git funciona.
 Saiba mais em [willianjusten.com.br](http://willianjusten.com.br)
 
 Gostou do curso? Ajude com uma doação, até um café é valido =)
+
+Adicionei essa linha par ser desconsiderada
borbely@borbely-530XBB:~/git_course$ git status
No ramo master
Changes not staged for commit:
  (utilize "git add <arquivo>..." para atualizar o que será submetido)
  (use "git restore <file>..." to discard changes in working directory)
	modified:   Readme.md

nenhuma modificação adicionada à submissão (utilize "git add" e/ou "git commit -a")
borbely@borbely-530XBB:~/git_course$ git checkout Readme.md
Updated 1 path from the index
borbely@borbely-530XBB:~/git_course$ git status
No ramo master
nothing to commit, working tree clean
borbely@borbely-530XBB:~/git_course$ nano Readme.md                                                                  
borbely@borbely-530XBB:~/git_course$ git status
No ramo master
Changes not staged for commit:
  (utilize "git add <arquivo>..." para atualizar o que será submetido)
  (use "git restore <file>..." to discard changes in working directory)
	modified:   Readme.md

nenhuma modificação adicionada à submissão (utilize "git add" e/ou "git commit -a")
borbely@borbely-530XBB:~/git_course$ git commit -am "Testando Commit por engano"                                     
[master 351deea] Testando Commit por engano
 1 file changed, 2 insertions(+)
borbely@borbely-530XBB:~/git_course$ git log
commit 351deea7eff562c27d25a2370345832b21815d93 (HEAD -> master)
Author: Luiz A. Borbely <borb_ely@yahoo.com.br>
Date:   Mon Jul 21 18:44:55 2025 -0300

    Testando Commit por engano

commit 8182ae7973647547b0f2f9d0fa22066cd574834b
Author: Luiz A. Borbely <borb_ely@yahoo.com.br>
Date:   Mon Jul 21 18:19:59 2025 -0300

    Edit Readme

commit bb1b556e09d965467863f751c1e80593af80773e
Author: Luiz A. Borbely <borb_ely@yahoo.com.br>
Date:   Mon Jul 21 16:40:18 2025 -0300

    Add link to more info

commit ae2a867d07a498bdf7e1c650ff0ffa27768f2d21
Author: Luiz A. Borbely <borb_ely@yahoo.com.br>
Date:   Mon Jul 21 16:34:42 2025 -0300

    Add Readme.md
borbely@borbely-530XBB:~/git_course$ git reset --soft 351deea7eff562c27d25a2370345832b21815d93
borbely@borbely-530XBB:~/git_course$ git status
No ramo master
nothing to commit, working tree clean
borbely@borbely-530XBB:~/git_course$ git reset --soft 8182ae7973647547b0f2f9d0fa22066cd574834b
borbely@borbely-530XBB:~/git_course$ git status
No ramo master
Mudanças a serem submetidas:
  (use "git restore --staged <file>..." to unstage)
	modified:   Readme.md

borbely@borbely-530XBB:~/git_course$ git commit -am "kkkkk"
[master 9546603] kkkkk
 1 file changed, 2 insertions(+)
borbely@borbely-530XBB:~/git_course$ git status                                                                      
No ramo master
nothing to commit, working tree clean
borbely@borbely-530XBB:~/git_course$ git log
commit 95466032fd3b78f5a5a877e480ff2cb7a01dc1ab (HEAD -> master)
Author: Luiz A. Borbely <borb_ely@yahoo.com.br>
Date:   Mon Jul 21 18:51:27 2025 -0300

    kkkkk

commit 8182ae7973647547b0f2f9d0fa22066cd574834b
Author: Luiz A. Borbely <borb_ely@yahoo.com.br>
Date:   Mon Jul 21 18:19:59 2025 -0300

    Edit Readme

commit bb1b556e09d965467863f751c1e80593af80773e
Author: Luiz A. Borbely <borb_ely@yahoo.com.br>
Date:   Mon Jul 21 16:40:18 2025 -0300

    Add link to more info

commit ae2a867d07a498bdf7e1c650ff0ffa27768f2d21
Author: Luiz A. Borbely <borb_ely@yahoo.com.br>
Date:   Mon Jul 21 16:34:42 2025 -0300

    Add Readme.md
borbely@borbely-530XBB:~/git_course$ git reset --mixed 8182ae7973647547b0f2f9d0fa22066cd574834b
Unstaged changes after reset:
M	Readme.md
borbely@borbely-530XBB:~/git_course$ git status
No ramo master
Changes not staged for commit:
  (utilize "git add <arquivo>..." para atualizar o que será submetido)
  (use "git restore <file>..." to discard changes in working directory)
	modified:   Readme.md

nenhuma modificação adicionada à submissão (utilize "git add" e/ou "git commit -a")
borbely@borbely-530XBB:~/git_course$ 
